// Jest Snapshot v1, https://goo.gl/fbAQLP

exports[`Header should match the snapshot 1`] = `
ShallowWrapper {
  "length": 1,
  Symbol(enzyme.__root__): [Circular],
  Symbol(enzyme.__unrendered__): <Unknown
    signOut={[Function]}
    user={
        Object {
            "name": "person",
          }
    }
/>,
  Symbol(enzyme.__renderer__): Object {
    "batchedUpdates": [Function],
    "getNode": [Function],
    "render": [Function],
    "simulateEvent": [Function],
    "unmount": [Function],
  },
  Symbol(enzyme.__node__): Object {
    "instance": null,
    "key": undefined,
    "nodeType": "host",
    "props": Object {
      "children": Array [
        <Link
          className="title-cont"
          replace={false}
          to="/"
>
          <img
                    alt="logo"
                    className="logo"
                    src="video-camera.svg"
          />
          <h1>
                    Movie
                    <span
                              className="title"
                    >
                              Tracker
                    </span>
          </h1>
</Link>,
        <div>
          <h2>
                    Hello, 
                    person
                     
          </h2>
          <button
                    onClick={[Function]}
                    type="submit"
          >
                     Sign Out 
          </button>
</div>,
      ],
    },
    "ref": null,
    "rendered": Array [
      Object {
        "instance": null,
        "key": undefined,
        "nodeType": "class",
        "props": Object {
          "children": Array [
            <img
              alt="logo"
              className="logo"
              src="video-camera.svg"
/>,
            <h1>
              Movie
              <span
                            className="title"
              >
                            Tracker
              </span>
</h1>,
          ],
          "className": "title-cont",
          "replace": false,
          "to": "/",
        },
        "ref": null,
        "rendered": Array [
          Object {
            "instance": null,
            "key": undefined,
            "nodeType": "host",
            "props": Object {
              "alt": "logo",
              "className": "logo",
              "src": "video-camera.svg",
            },
            "ref": null,
            "rendered": null,
            "type": "img",
          },
          Object {
            "instance": null,
            "key": undefined,
            "nodeType": "host",
            "props": Object {
              "children": Array [
                "Movie",
                <span
                  className="title"
>
                  Tracker
</span>,
              ],
            },
            "ref": null,
            "rendered": Array [
              "Movie",
              Object {
                "instance": null,
                "key": undefined,
                "nodeType": "host",
                "props": Object {
                  "children": "Tracker",
                  "className": "title",
                },
                "ref": null,
                "rendered": "Tracker",
                "type": "span",
              },
            ],
            "type": "h1",
          },
        ],
        "type": [Function],
      },
      Object {
        "instance": null,
        "key": undefined,
        "nodeType": "host",
        "props": Object {
          "children": Array [
            <h2>
              Hello, 
              person
               
</h2>,
            <button
              onClick={[Function]}
              type="submit"
>
               Sign Out 
</button>,
          ],
        },
        "ref": null,
        "rendered": Array [
          Object {
            "instance": null,
            "key": undefined,
            "nodeType": "host",
            "props": Object {
              "children": Array [
                "Hello, ",
                "person",
                " ",
              ],
            },
            "ref": null,
            "rendered": Array [
              "Hello, ",
              "person",
              " ",
            ],
            "type": "h2",
          },
          Object {
            "instance": null,
            "key": undefined,
            "nodeType": "host",
            "props": Object {
              "children": " Sign Out ",
              "onClick": [Function],
              "type": "submit",
            },
            "ref": null,
            "rendered": " Sign Out ",
            "type": "button",
          },
        ],
        "type": "div",
      },
    ],
    "type": "header",
  },
  Symbol(enzyme.__nodes__): Array [
    Object {
      "instance": null,
      "key": undefined,
      "nodeType": "host",
      "props": Object {
        "children": Array [
          <Link
            className="title-cont"
            replace={false}
            to="/"
>
            <img
                        alt="logo"
                        className="logo"
                        src="video-camera.svg"
            />
            <h1>
                        Movie
                        <span
                                    className="title"
                        >
                                    Tracker
                        </span>
            </h1>
</Link>,
          <div>
            <h2>
                        Hello, 
                        person
                         
            </h2>
            <button
                        onClick={[Function]}
                        type="submit"
            >
                         Sign Out 
            </button>
</div>,
        ],
      },
      "ref": null,
      "rendered": Array [
        Object {
          "instance": null,
          "key": undefined,
          "nodeType": "class",
          "props": Object {
            "children": Array [
              <img
                alt="logo"
                className="logo"
                src="video-camera.svg"
/>,
              <h1>
                Movie
                <span
                                className="title"
                >
                                Tracker
                </span>
</h1>,
            ],
            "className": "title-cont",
            "replace": false,
            "to": "/",
          },
          "ref": null,
          "rendered": Array [
            Object {
              "instance": null,
              "key": undefined,
              "nodeType": "host",
              "props": Object {
                "alt": "logo",
                "className": "logo",
                "src": "video-camera.svg",
              },
              "ref": null,
              "rendered": null,
              "type": "img",
            },
            Object {
              "instance": null,
              "key": undefined,
              "nodeType": "host",
              "props": Object {
                "children": Array [
                  "Movie",
                  <span
                    className="title"
>
                    Tracker
</span>,
                ],
              },
              "ref": null,
              "rendered": Array [
                "Movie",
                Object {
                  "instance": null,
                  "key": undefined,
                  "nodeType": "host",
                  "props": Object {
                    "children": "Tracker",
                    "className": "title",
                  },
                  "ref": null,
                  "rendered": "Tracker",
                  "type": "span",
                },
              ],
              "type": "h1",
            },
          ],
          "type": [Function],
        },
        Object {
          "instance": null,
          "key": undefined,
          "nodeType": "host",
          "props": Object {
            "children": Array [
              <h2>
                Hello, 
                person
                 
</h2>,
              <button
                onClick={[Function]}
                type="submit"
>
                 Sign Out 
</button>,
            ],
          },
          "ref": null,
          "rendered": Array [
            Object {
              "instance": null,
              "key": undefined,
              "nodeType": "host",
              "props": Object {
                "children": Array [
                  "Hello, ",
                  "person",
                  " ",
                ],
              },
              "ref": null,
              "rendered": Array [
                "Hello, ",
                "person",
                " ",
              ],
              "type": "h2",
            },
            Object {
              "instance": null,
              "key": undefined,
              "nodeType": "host",
              "props": Object {
                "children": " Sign Out ",
                "onClick": [Function],
                "type": "submit",
              },
              "ref": null,
              "rendered": " Sign Out ",
              "type": "button",
            },
          ],
          "type": "div",
        },
      ],
      "type": "header",
    },
  ],
  Symbol(enzyme.__options__): Object {
    "adapter": ReactSixteenAdapter {
      "options": Object {
        "enableComponentDidUpdateOnSetState": true,
      },
    },
  },
}
`;
